---
layout: post
status: publish
published: true
title: 如何挂载 lvm 分区
author:
  display_name: Neil
  login: Neil
  email: info@byneil.com
  url: ''
author_login: Neil
author_email: info@byneil.com
wordpress_id: 1212
wordpress_url: https://blog.byneil.com/?p=1212
date: '2017-07-05 21:25:07 +0000'
date_gmt: '2017-07-05 13:25:07 +0000'
categories:
- linux
tags: []
comments: []
---
<p>查看 lvm 信息</p>
<p>```sh</p>
<p>lvdisplay </p>
<p> --- Logical volume ---<br />
  LV Path                /dev/system-dblti/root<br />
  LV Name                root<br />
  VG Name                system-dblti<br />
  LV UUID                NhTMSk-tTvl-Bj4V-7kjv-xP4N-8T9P-wtkSGb<br />
  LV Write Access        read/write<br />
  LV Creation host, time dedie, 2015-12-21 14:28:10 +0100<br />
  LV Status              available<br />
  # open                 1<br />
  LV Size                1,82 TiB<br />
  Current LE             476631<br />
  Segments               1<br />
  Allocation             inherit<br />
  Read ahead sectors     auto<br />
  - currently set to     256<br />
  Block device           252:0</p>
<p>```</p>
<p>然后挂载:</p>
<p>```sh<br />
mount /dev/system-dblti/root   /mnt<br />
```</p>
